[36mvite v8.0.0 [32mbuilding client environment for production...[36m[39m
[2K
transforming...Γ£ô 624 modules transformed.
rendering chunks...
computing gzip size...
dist/index.html                     0.97 kB Γöé gzip:   0.49 kB
dist/assets/index-BSogIwkW.css     46.12 kB Γöé gzip:   8.55 kB
dist/assets/index-odsGJMv3.js   1,076.21 kB Γöé gzip: 299.20 kB

[plugin builtin:vite-reporter] 
(!) Some chunks are larger than 500 kB after minification. Consider:
- Using dynamic import() to code-split the application
- Use build.rolldownOptions.output.codeSplitting to improve chunking: https://rolldown.rs/reference/OutputOptions.codeSplitting
- Adjust chunk size limit for this warning via build.chunkSizeWarningLimit.
Γ£ù Build failed in 680ms
error during build:
Build failed with 1 error:

Error: [vite]: Rolldown failed to resolve import "@vladmandic/face-api" from "D:/window/FinalYearProject/support-circle/src/features/volunteer/VolunteerDashboard.jsx".
This is most likely unintended because it can break your application at runtime.
If you do want to externalize this module explicitly add it to
`build.rollupOptions.external`
    at viteLog (file:///D:/window/FinalYearProject/support-circle/node_modules/vite/dist/node/chunks/node.js:32887:57)
    at file:///D:/window/FinalYearProject/support-circle/node_modules/vite/dist/node/chunks/node.js:32923:71
    at onwarn (file:///D:/window/FinalYearProject/support-circle/node_modules/@vitejs/plugin-react/dist/index.js:40:7)
    at file:///D:/window/FinalYearProject/support-circle/node_modules/vite/dist/node/chunks/node.js:32923:28
    at onRollupLog (file:///D:/window/FinalYearProject/support-circle/node_modules/vite/dist/node/chunks/node.js:32918:63)
    at onLog (file:///D:/window/FinalYearProject/support-circle/node_modules/vite/dist/node/chunks/node.js:32688:4)
    at file:///D:/window/FinalYearProject/support-circle/node_modules/rolldown/dist/shared/rolldown-build-4YnQkA76.mjs:49:26
    at logger (file:///D:/window/FinalYearProject/support-circle/node_modules/rolldown/dist/shared/rolldown-build-4YnQkA76.mjs:40:3)
    at onLog (file:///D:/window/FinalYearProject/support-circle/node_modules/rolldown/dist/shared/bindingify-input-options-Cu7pt6SZ.mjs:1945:32)
    at aggregateBindingErrorsIntoJsError (file:///D:/window/FinalYearProject/support-circle/node_modules/rolldown/dist/shared/error-CP8smW_P.mjs:48:18)
    at unwrapBindingResult (file:///D:/window/FinalYearProject/support-circle/node_modules/rolldown/dist/shared/error-CP8smW_P.mjs:18:128)
    at #build (file:///D:/window/FinalYearProject/support-circle/node_modules/rolldown/dist/shared/rolldown-build-4YnQkA76.mjs:3311:34)
    at async buildEnvironment (file:///D:/window/FinalYearProject/support-circle/node_modules/vite/dist/node/chunks/node.js:32794:64)
    at async Object.build (file:///D:/window/FinalYearProject/support-circle/node_modules/vite/dist/node/chunks/node.js:33216:19)
    at async Object.buildApp (file:///D:/window/FinalYearProject/support-circle/node_modules/vite/dist/node/chunks/node.js:33213:153)
    at async CAC.<anonymous> (file:///D:/window/FinalYearProject/support-circle/node_modules/vite/dist/node/cli.js:778:3) {
  errors: [Getter/Setter]
}
